Archive member included because of file (symbol)

c:/program files/atmel/avr tools/avr toolchain/bin/../lib/gcc/avr/4.7.2/avr5\libgcc.a(_udivmodqi4.o)
                              LCD_T.o (__udivmodqi4)
c:/program files/atmel/avr tools/avr toolchain/bin/../lib/gcc/avr/4.7.2/avr5\libgcc.a(_udivmodhi4.o)
                              LCD_T.o (__udivmodhi4)
c:/program files/atmel/avr tools/avr toolchain/bin/../lib/gcc/avr/4.7.2/avr5\libgcc.a(_exit.o)
                              c:/program files/atmel/avr tools/avr toolchain/bin/../lib/gcc/avr/4.7.2/../../../../avr/lib/avr5/crtm328p.o (exit)
c:/program files/atmel/avr tools/avr toolchain/bin/../lib/gcc/avr/4.7.2/avr5\libgcc.a(_copy_data.o)
                              LCD_T.o (__do_copy_data)
c:/program files/atmel/avr tools/avr toolchain/bin/../lib/gcc/avr/4.7.2/avr5\libgcc.a(_clear_bss.o)
                              LCD_T.o (__do_clear_bss)
c:/program files/atmel/avr tools/avr toolchain/bin/../lib/gcc/avr/4.7.2/../../../../avr/lib/avr5\libc.a(strcpy.o)
                              radio.o (strcpy)
c:/program files/atmel/avr tools/avr toolchain/bin/../lib/gcc/avr/4.7.2/../../../../avr/lib/avr5\libc.a(fgetc.o)
                              LCD_T.o (fgetc)
c:/program files/atmel/avr tools/avr toolchain/bin/../lib/gcc/avr/4.7.2/../../../../avr/lib/avr5\libc.a(fputc.o)
                              LCD_T.o (fputc)
c:/program files/atmel/avr tools/avr toolchain/bin/../lib/gcc/avr/4.7.2/../../../../avr/lib/avr5\libc.a(iob.o)
                              LCD_T.o (__iob)
c:/program files/atmel/avr tools/avr toolchain/bin/../lib/gcc/avr/4.7.2/../../../../avr/lib/avr5\libc.a(printf.o)
                              LCD_T.o (printf)
c:/program files/atmel/avr tools/avr toolchain/bin/../lib/gcc/avr/4.7.2/../../../../avr/lib/avr5\libc.a(puts.o)
                              LCD_T.o (puts)
c:/program files/atmel/avr tools/avr toolchain/bin/../lib/gcc/avr/4.7.2/../../../../avr/lib/avr5\libc.a(snprintf.o)
                              radio.o (snprintf)
c:/program files/atmel/avr tools/avr toolchain/bin/../lib/gcc/avr/4.7.2/../../../../avr/lib/avr5\libc.a(vfprintf_std.o)
                              c:/program files/atmel/avr tools/avr toolchain/bin/../lib/gcc/avr/4.7.2/../../../../avr/lib/avr5\libc.a(printf.o) (vfprintf)
c:/program files/atmel/avr tools/avr toolchain/bin/../lib/gcc/avr/4.7.2/../../../../avr/lib/avr5\libc.a(strnlen_P.o)
                              c:/program files/atmel/avr tools/avr toolchain/bin/../lib/gcc/avr/4.7.2/../../../../avr/lib/avr5\libc.a(vfprintf_std.o) (strnlen_P)
c:/program files/atmel/avr tools/avr toolchain/bin/../lib/gcc/avr/4.7.2/../../../../avr/lib/avr5\libc.a(strnlen.o)
                              c:/program files/atmel/avr tools/avr toolchain/bin/../lib/gcc/avr/4.7.2/../../../../avr/lib/avr5\libc.a(vfprintf_std.o) (strnlen)
c:/program files/atmel/avr tools/avr toolchain/bin/../lib/gcc/avr/4.7.2/../../../../avr/lib/avr5\libc.a(ultoa_invert.o)
                              c:/program files/atmel/avr tools/avr toolchain/bin/../lib/gcc/avr/4.7.2/../../../../avr/lib/avr5\libc.a(vfprintf_std.o) (__ultoa_invert)
c:/program files/atmel/avr tools/avr toolchain/bin/../lib/gcc/avr/4.7.2/avr5\libgcc.a(_prologue.o)
                              c:/program files/atmel/avr tools/avr toolchain/bin/../lib/gcc/avr/4.7.2/../../../../avr/lib/avr5\libc.a(printf.o) (__prologue_saves__)
c:/program files/atmel/avr tools/avr toolchain/bin/../lib/gcc/avr/4.7.2/avr5\libgcc.a(_epilogue.o)
                              c:/program files/atmel/avr tools/avr toolchain/bin/../lib/gcc/avr/4.7.2/../../../../avr/lib/avr5\libc.a(printf.o) (__epilogue_restores__)

Allocating common symbols
Common symbol       size              file

rx_status           0x1               radio.o
scratchpad          0x9               Temper.o
packet              0x20              radio.o
allDevices          0x8               Temper.o
output              0x80              radio.o
uart_rx_fifo        0x42              LCD_T.o
uart_tx_fifo        0x102             LCD_T.o
message_unit        0x11              LCD_T.o
__iob               0x6               c:/program files/atmel/avr tools/avr toolchain/bin/../lib/gcc/avr/4.7.2/../../../../avr/lib/avr5\libc.a(iob.o)

Memory Configuration

Name             Origin             Length             Attributes
text             0x00000000         0x00020000         xr
data             0x00800060         0x0000ffa0         rw !x
eeprom           0x00810000         0x00010000         rw !x
fuse             0x00820000         0x00000400         rw !x
lock             0x00830000         0x00000400         rw !x
signature        0x00840000         0x00000400         rw !x
user_signatures  0x00850000         0x00000400         rw !x
*default*        0x00000000         0xffffffff

Linker script and memory map

Address of section .data set to 0x800100
LOAD c:/program files/atmel/avr tools/avr toolchain/bin/../lib/gcc/avr/4.7.2/../../../../avr/lib/avr5/crtm328p.o
LOAD LCD_T.o
LOAD bcd.o
LOAD lcd_lib_2.o
LOAD OWIcrc.o
LOAD OWIHighLevelFunctions.o
LOAD OWISWBitFunctions.o
LOAD OWIUARTBitFunctions.o
LOAD radio.o
LOAD spi.o
LOAD Temper.o
LOAD c:/program files/atmel/avr tools/avr toolchain/bin/../lib/gcc/avr/4.7.2/avr5\libgcc.a
LOAD c:/program files/atmel/avr tools/avr toolchain/bin/../lib/gcc/avr/4.7.2/../../../../avr/lib/avr5\libc.a
LOAD c:/program files/atmel/avr tools/avr toolchain/bin/../lib/gcc/avr/4.7.2/avr5\libgcc.a

.hash
 *(.hash)

.dynsym
 *(.dynsym)

.dynstr
 *(.dynstr)

.gnu.version
 *(.gnu.version)

.gnu.version_d
 *(.gnu.version_d)

.gnu.version_r
 *(.gnu.version_r)

.rel.init
 *(.rel.init)

.rela.init
 *(.rela.init)

.rel.text
 *(.rel.text)
 *(.rel.text.*)
 *(.rel.gnu.linkonce.t*)

.rela.text
 *(.rela.text)
 *(.rela.text.*)
 *(.rela.gnu.linkonce.t*)

.rel.fini
 *(.rel.fini)

.rela.fini
 *(.rela.fini)

.rel.rodata
 *(.rel.rodata)
 *(.rel.rodata.*)
 *(.rel.gnu.linkonce.r*)

.rela.rodata
 *(.rela.rodata)
 *(.rela.rodata.*)
 *(.rela.gnu.linkonce.r*)

.rel.data
 *(.rel.data)
 *(.rel.data.*)
 *(.rel.gnu.linkonce.d*)

.rela.data
 *(.rela.data)
 *(.rela.data.*)
 *(.rela.gnu.linkonce.d*)

.rel.ctors
 *(.rel.ctors)

.rela.ctors
 *(.rela.ctors)

.rel.dtors
 *(.rel.dtors)

.rela.dtors
 *(.rela.dtors)

.rel.got
 *(.rel.got)

.rela.got
 *(.rela.got)

.rel.bss
 *(.rel.bss)

.rela.bss
 *(.rela.bss)

.rel.plt
 *(.rel.plt)

.rela.plt
 *(.rela.plt)

.text           0x00000000     0x1ae4
 *(.vectors)
 .vectors       0x00000000       0x68 c:/program files/atmel/avr tools/avr toolchain/bin/../lib/gcc/avr/4.7.2/../../../../avr/lib/avr5/crtm328p.o
                0x00000000                __vector_default
                0x00000000                __vectors
 *(.vectors)
 *(.progmem.gcc*)
 *(.progmem*)
                0x00000068                . = ALIGN (0x2)
                0x00000068                __trampolines_start = .
 *(.trampolines)
 .trampolines   0x00000068        0x0 linker stubs
 *(.trampolines*)
                0x00000068                __trampolines_end = .
 *(.jumptables)
 *(.jumptables*)
 *(.lowtext)
 *(.lowtext*)
                0x00000068                __ctors_start = .
 *(.ctors)
                0x00000068                __ctors_end = .
                0x00000068                __dtors_start = .
 *(.dtors)
                0x00000068                __dtors_end = .
 SORT(*)(.ctors)
 SORT(*)(.dtors)
 *(.init0)
 .init0         0x00000068        0x0 c:/program files/atmel/avr tools/avr toolchain/bin/../lib/gcc/avr/4.7.2/../../../../avr/lib/avr5/crtm328p.o
                0x00000068                __init
 *(.init0)
 *(.init1)
 *(.init1)
 *(.init2)
 .init2         0x00000068        0xc c:/program files/atmel/avr tools/avr toolchain/bin/../lib/gcc/avr/4.7.2/../../../../avr/lib/avr5/crtm328p.o
 *(.init2)
 *(.init3)
 *(.init3)
 *(.init4)
 .init4         0x00000074       0x16 c:/program files/atmel/avr tools/avr toolchain/bin/../lib/gcc/avr/4.7.2/avr5\libgcc.a(_copy_data.o)
                0x00000074                __do_copy_data
 .init4         0x0000008a       0x10 c:/program files/atmel/avr tools/avr toolchain/bin/../lib/gcc/avr/4.7.2/avr5\libgcc.a(_clear_bss.o)
                0x0000008a                __do_clear_bss
 *(.init4)
 *(.init5)
 *(.init5)
 *(.init6)
 *(.init6)
 *(.init7)
 *(.init7)
 *(.init8)
 *(.init8)
 *(.init9)
 .init9         0x0000009a        0x8 c:/program files/atmel/avr tools/avr toolchain/bin/../lib/gcc/avr/4.7.2/../../../../avr/lib/avr5/crtm328p.o
 *(.init9)
 *(.text)
 .text          0x000000a2        0x4 c:/program files/atmel/avr tools/avr toolchain/bin/../lib/gcc/avr/4.7.2/../../../../avr/lib/avr5/crtm328p.o
                0x000000a2                __vector_22
                0x000000a2                __vector_1
                0x000000a2                __vector_24
                0x000000a2                __vector_12
                0x000000a2                __bad_interrupt
                0x000000a2                __vector_6
                0x000000a2                __vector_3
                0x000000a2                __vector_23
                0x000000a2                __vector_25
                0x000000a2                __vector_11
                0x000000a2                __vector_13
                0x000000a2                __vector_17
                0x000000a2                __vector_7
                0x000000a2                __vector_5
                0x000000a2                __vector_9
                0x000000a2                __vector_2
                0x000000a2                __vector_15
                0x000000a2                __vector_8
                0x000000a2                __vector_14
                0x000000a2                __vector_10
                0x000000a2                __vector_20
 .text          0x000000a6      0x336 LCD_T.o
                0x000000a6                uart_putc
                0x000000d4                uart_getc
                0x00000108                USART_Init
                0x0000011e                __vector_18
                0x0000017a                __vector_19
                0x000001d0                send_Uart
                0x000001de                send_Uart_str
                0x000001f6                send_int_Uart
                0x00000256                set_message_default
                0x0000029a                send_Uart_message2
                0x000002da                __vector_16
                0x00000304                Init_Timer0
                0x00000318                Get_Timer0_1S
                0x0000031a                Get_Timer0_10S
                0x00000348                ADC_init
                0x00000356                ADC_result
                0x0000036c                Get_Timer0_100mS
                0x00000370                Check_Timer0
                0x000003c4                __vector_21
 .text          0x000003dc        0xa bcd.o
                0x000003dc                BCD_1Lcd
                0x000003de                BCD_2Lcd
                0x000003e0                BCD_3Lcd
                0x000003e2                BCD_3IntLcd
                0x000003e4                BCD_4IntLcd
 .text          0x000003e6        0xe lcd_lib_2.o
                0x000003e6                LCD_WriteComInit
                0x000003e8                LCD_WriteCom
                0x000003ea                LCD_WriteData
                0x000003ec                LCD_Init
                0x000003ee                LCD_SendStr
                0x000003f0                LCD_SendStrFl
                0x000003f2                LCD_SetUserChar
 .text          0x000003f4       0xd0 OWIcrc.o
                0x000003f4                OWI_ComputeCRC8
                0x00000414                OWI_ComputeCRC16
                0x0000043c                OWI_CheckRomCRC
                0x00000480                OWI_CheckScratchPadCRC
 .text          0x000004c4      0x282 OWIHighLevelFunctions.o
                0x000004c4                OWI_SendByte
                0x000004ee                OWI_ReceiveByte
                0x00000514                OWI_SkipRom
                0x0000051c                OWI_ReadRom
                0x00000550                OWI_MatchRom
                0x00000584                OWI_SearchRom
                0x00000632                OWI_SearchDevices
                0x00000724                FindFamily
 .text          0x00000746      0x10e OWISWBitFunctions.o
                0x00000746                OWI_Init
                0x00000762                OWI_WriteBit1
                0x00000796                OWI_WriteBit0
                0x000007ca                OWI_ReadBit
                0x0000080a                OWI_DetectPresence
 .text          0x00000854        0x0 OWIUARTBitFunctions.o
 .text          0x00000854      0x77e radio.o
                0x00000aa6                radio_rxhandler
                0x00000aae                Radio_Init
                0x00000b80                Radio_Configure_Rx
                0x00000b8a                Radio_Set_Tx_Addr
                0x00000bb4                Radio_Configure
                0x00000bc2                Radio_Transmit
                0x00000c54                Radio_Receive
                0x00000cae                Radio_Success_Rate
                0x00000ce0                Radio_Flush
                0x00000d00                __vector_4
                0x00000e14                tx_Delay
                0x00000e2a                Check_Receive_NRF24L01
                0x00000ed0                setup_NRF24L01_Receiver
                0x00000f06                setup_NRF24L01_Transmitter
                0x00000f6c                Get_Transmit_NRF24L01
 .text          0x00000fd2       0x58 spi.o
                0x00000fd2                SPI_Init
                0x00000fe8                SPI_ReadWrite_Block
                0x00001006                SPI_Write_Block
                0x0000101e                SPI_Write_Byte
 .text          0x0000102a      0x30a Temper.o
                0x0000102a                Init_Temperatura
                0x00001144                Get_Temperatura
                0x000012f2                Get_temp_to_message
 .text          0x00001334        0x0 c:/program files/atmel/avr tools/avr toolchain/bin/../lib/gcc/avr/4.7.2/avr5\libgcc.a(_udivmodqi4.o)
 .text          0x00001334        0x0 c:/program files/atmel/avr tools/avr toolchain/bin/../lib/gcc/avr/4.7.2/avr5\libgcc.a(_udivmodhi4.o)
 .text          0x00001334        0x0 c:/program files/atmel/avr tools/avr toolchain/bin/../lib/gcc/avr/4.7.2/avr5\libgcc.a(_exit.o)
 .text          0x00001334        0x0 c:/program files/atmel/avr tools/avr toolchain/bin/../lib/gcc/avr/4.7.2/avr5\libgcc.a(_copy_data.o)
 .text          0x00001334        0x0 c:/program files/atmel/avr tools/avr toolchain/bin/../lib/gcc/avr/4.7.2/avr5\libgcc.a(_clear_bss.o)
 .text          0x00001334        0x0 c:/program files/atmel/avr tools/avr toolchain/bin/../lib/gcc/avr/4.7.2/../../../../avr/lib/avr5\libc.a(strcpy.o)
 .text          0x00001334        0x0 c:/program files/atmel/avr tools/avr toolchain/bin/../lib/gcc/avr/4.7.2/../../../../avr/lib/avr5\libc.a(fgetc.o)
 .text          0x00001334        0x0 c:/program files/atmel/avr tools/avr toolchain/bin/../lib/gcc/avr/4.7.2/../../../../avr/lib/avr5\libc.a(fputc.o)
 .text          0x00001334        0x0 c:/program files/atmel/avr tools/avr toolchain/bin/../lib/gcc/avr/4.7.2/../../../../avr/lib/avr5\libc.a(iob.o)
 .text          0x00001334        0x0 c:/program files/atmel/avr tools/avr toolchain/bin/../lib/gcc/avr/4.7.2/../../../../avr/lib/avr5\libc.a(printf.o)
 .text          0x00001334        0x0 c:/program files/atmel/avr tools/avr toolchain/bin/../lib/gcc/avr/4.7.2/../../../../avr/lib/avr5\libc.a(puts.o)
 .text          0x00001334        0x0 c:/program files/atmel/avr tools/avr toolchain/bin/../lib/gcc/avr/4.7.2/../../../../avr/lib/avr5\libc.a(snprintf.o)
 .text          0x00001334        0x0 c:/program files/atmel/avr tools/avr toolchain/bin/../lib/gcc/avr/4.7.2/../../../../avr/lib/avr5\libc.a(vfprintf_std.o)
 .text          0x00001334        0x0 c:/program files/atmel/avr tools/avr toolchain/bin/../lib/gcc/avr/4.7.2/../../../../avr/lib/avr5\libc.a(strnlen_P.o)
 .text          0x00001334        0x0 c:/program files/atmel/avr tools/avr toolchain/bin/../lib/gcc/avr/4.7.2/../../../../avr/lib/avr5\libc.a(strnlen.o)
 .text          0x00001334        0x0 c:/program files/atmel/avr tools/avr toolchain/bin/../lib/gcc/avr/4.7.2/../../../../avr/lib/avr5\libc.a(ultoa_invert.o)
 .text          0x00001334        0x0 c:/program files/atmel/avr tools/avr toolchain/bin/../lib/gcc/avr/4.7.2/avr5\libgcc.a(_prologue.o)
 .text          0x00001334        0x0 c:/program files/atmel/avr tools/avr toolchain/bin/../lib/gcc/avr/4.7.2/avr5\libgcc.a(_epilogue.o)
                0x00001334                . = ALIGN (0x2)
 *(.text.*)
 .text.startup  0x00001334       0x92 LCD_T.o
                0x00001334                main
 .text.libgcc.mul
                0x000013c6        0x0 c:/program files/atmel/avr tools/avr toolchain/bin/../lib/gcc/avr/4.7.2/avr5\libgcc.a(_udivmodqi4.o)
 .text.libgcc.div
                0x000013c6       0x18 c:/program files/atmel/avr tools/avr toolchain/bin/../lib/gcc/avr/4.7.2/avr5\libgcc.a(_udivmodqi4.o)
                0x000013c6                __udivmodqi4
 .text.libgcc   0x000013de        0x0 c:/program files/atmel/avr tools/avr toolchain/bin/../lib/gcc/avr/4.7.2/avr5\libgcc.a(_udivmodqi4.o)
 .text.libgcc.prologue
                0x000013de        0x0 c:/program files/atmel/avr tools/avr toolchain/bin/../lib/gcc/avr/4.7.2/avr5\libgcc.a(_udivmodqi4.o)
 .text.libgcc.builtins
                0x000013de        0x0 c:/program files/atmel/avr tools/avr toolchain/bin/../lib/gcc/avr/4.7.2/avr5\libgcc.a(_udivmodqi4.o)
 .text.libgcc.fmul
                0x000013de        0x0 c:/program files/atmel/avr tools/avr toolchain/bin/../lib/gcc/avr/4.7.2/avr5\libgcc.a(_udivmodqi4.o)
 .text.libgcc.mul
                0x000013de        0x0 c:/program files/atmel/avr tools/avr toolchain/bin/../lib/gcc/avr/4.7.2/avr5\libgcc.a(_udivmodhi4.o)
 .text.libgcc.div
                0x000013de       0x28 c:/program files/atmel/avr tools/avr toolchain/bin/../lib/gcc/avr/4.7.2/avr5\libgcc.a(_udivmodhi4.o)
                0x000013de                __udivmodhi4
 .text.libgcc   0x00001406        0x0 c:/program files/atmel/avr tools/avr toolchain/bin/../lib/gcc/avr/4.7.2/avr5\libgcc.a(_udivmodhi4.o)
 .text.libgcc.prologue
                0x00001406        0x0 c:/program files/atmel/avr tools/avr toolchain/bin/../lib/gcc/avr/4.7.2/avr5\libgcc.a(_udivmodhi4.o)
 .text.libgcc.builtins
                0x00001406        0x0 c:/program files/atmel/avr tools/avr toolchain/bin/../lib/gcc/avr/4.7.2/avr5\libgcc.a(_udivmodhi4.o)
 .text.libgcc.fmul
                0x00001406        0x0 c:/program files/atmel/avr tools/avr toolchain/bin/../lib/gcc/avr/4.7.2/avr5\libgcc.a(_udivmodhi4.o)
 .text.libgcc.mul
                0x00001406        0x0 c:/program files/atmel/avr tools/avr toolchain/bin/../lib/gcc/avr/4.7.2/avr5\libgcc.a(_exit.o)
 .text.libgcc.div
                0x00001406        0x0 c:/program files/atmel/avr tools/avr toolchain/bin/../lib/gcc/avr/4.7.2/avr5\libgcc.a(_exit.o)
 .text.libgcc   0x00001406        0x0 c:/program files/atmel/avr tools/avr toolchain/bin/../lib/gcc/avr/4.7.2/avr5\libgcc.a(_exit.o)
 .text.libgcc.prologue
                0x00001406        0x0 c:/program files/atmel/avr tools/avr toolchain/bin/../lib/gcc/avr/4.7.2/avr5\libgcc.a(_exit.o)
 .text.libgcc.builtins
                0x00001406        0x0 c:/program files/atmel/avr tools/avr toolchain/bin/../lib/gcc/avr/4.7.2/avr5\libgcc.a(_exit.o)
 .text.libgcc.fmul
                0x00001406        0x0 c:/program files/atmel/avr tools/avr toolchain/bin/../lib/gcc/avr/4.7.2/avr5\libgcc.a(_exit.o)
 .text.libgcc.mul
                0x00001406        0x0 c:/program files/atmel/avr tools/avr toolchain/bin/../lib/gcc/avr/4.7.2/avr5\libgcc.a(_copy_data.o)
 .text.libgcc.div
                0x00001406        0x0 c:/program files/atmel/avr tools/avr toolchain/bin/../lib/gcc/avr/4.7.2/avr5\libgcc.a(_copy_data.o)
 .text.libgcc   0x00001406        0x0 c:/program files/atmel/avr tools/avr toolchain/bin/../lib/gcc/avr/4.7.2/avr5\libgcc.a(_copy_data.o)
 .text.libgcc.prologue
                0x00001406        0x0 c:/program files/atmel/avr tools/avr toolchain/bin/../lib/gcc/avr/4.7.2/avr5\libgcc.a(_copy_data.o)
 .text.libgcc.builtins
                0x00001406        0x0 c:/program files/atmel/avr tools/avr toolchain/bin/../lib/gcc/avr/4.7.2/avr5\libgcc.a(_copy_data.o)
 .text.libgcc.fmul
                0x00001406        0x0 c:/program files/atmel/avr tools/avr toolchain/bin/../lib/gcc/avr/4.7.2/avr5\libgcc.a(_copy_data.o)
 .text.libgcc.mul
                0x00001406        0x0 c:/program files/atmel/avr tools/avr toolchain/bin/../lib/gcc/avr/4.7.2/avr5\libgcc.a(_clear_bss.o)
 .text.libgcc.div
                0x00001406        0x0 c:/program files/atmel/avr tools/avr toolchain/bin/../lib/gcc/avr/4.7.2/avr5\libgcc.a(_clear_bss.o)
 .text.libgcc   0x00001406        0x0 c:/program files/atmel/avr tools/avr toolchain/bin/../lib/gcc/avr/4.7.2/avr5\libgcc.a(_clear_bss.o)
 .text.libgcc.prologue
                0x00001406        0x0 c:/program files/atmel/avr tools/avr toolchain/bin/../lib/gcc/avr/4.7.2/avr5\libgcc.a(_clear_bss.o)
 .text.libgcc.builtins
                0x00001406        0x0 c:/program files/atmel/avr tools/avr toolchain/bin/../lib/gcc/avr/4.7.2/avr5\libgcc.a(_clear_bss.o)
 .text.libgcc.fmul
                0x00001406        0x0 c:/program files/atmel/avr tools/avr toolchain/bin/../lib/gcc/avr/4.7.2/avr5\libgcc.a(_clear_bss.o)
 .text.avr-libc
                0x00001406        0xe c:/program files/atmel/avr tools/avr toolchain/bin/../lib/gcc/avr/4.7.2/../../../../avr/lib/avr5\libc.a(strcpy.o)
                0x00001406                strcpy
 .text.avr-libc
                0x00001414       0x80 c:/program files/atmel/avr tools/avr toolchain/bin/../lib/gcc/avr/4.7.2/../../../../avr/lib/avr5\libc.a(fgetc.o)
                0x00001414                fgetc
 .text.avr-libc
                0x00001494       0x58 c:/program files/atmel/avr tools/avr toolchain/bin/../lib/gcc/avr/4.7.2/../../../../avr/lib/avr5\libc.a(fputc.o)
                0x00001494                fputc
 .text.avr-libc
                0x000014ec       0x28 c:/program files/atmel/avr tools/avr toolchain/bin/../lib/gcc/avr/4.7.2/../../../../avr/lib/avr5\libc.a(printf.o)
                0x000014ec                printf
 .text.avr-libc
                0x00001514       0x5e c:/program files/atmel/avr tools/avr toolchain/bin/../lib/gcc/avr/4.7.2/../../../../avr/lib/avr5\libc.a(puts.o)
                0x00001514                puts
 .text.avr-libc
                0x00001572       0x60 c:/program files/atmel/avr tools/avr toolchain/bin/../lib/gcc/avr/4.7.2/../../../../avr/lib/avr5\libc.a(snprintf.o)
                0x00001572                snprintf
 .text.avr-libc
                0x000015d2      0x3b8 c:/program files/atmel/avr tools/avr toolchain/bin/../lib/gcc/avr/4.7.2/../../../../avr/lib/avr5\libc.a(vfprintf_std.o)
                0x000015d2                vfprintf
 .text.avr-libc
                0x0000198a       0x16 c:/program files/atmel/avr tools/avr toolchain/bin/../lib/gcc/avr/4.7.2/../../../../avr/lib/avr5\libc.a(strnlen_P.o)
                0x0000198a                strnlen_P
 .text.avr-libc
                0x000019a0       0x16 c:/program files/atmel/avr tools/avr toolchain/bin/../lib/gcc/avr/4.7.2/../../../../avr/lib/avr5\libc.a(strnlen.o)
                0x000019a0                strnlen
 .text.avr-libc
                0x000019b6       0xbc c:/program files/atmel/avr tools/avr toolchain/bin/../lib/gcc/avr/4.7.2/../../../../avr/lib/avr5\libc.a(ultoa_invert.o)
                0x000019b6                __ultoa_invert
 .text.libgcc.mul
                0x00001a72        0x0 c:/program files/atmel/avr tools/avr toolchain/bin/../lib/gcc/avr/4.7.2/avr5\libgcc.a(_prologue.o)
 .text.libgcc.div
                0x00001a72        0x0 c:/program files/atmel/avr tools/avr toolchain/bin/../lib/gcc/avr/4.7.2/avr5\libgcc.a(_prologue.o)
 .text.libgcc   0x00001a72        0x0 c:/program files/atmel/avr tools/avr toolchain/bin/../lib/gcc/avr/4.7.2/avr5\libgcc.a(_prologue.o)
 .text.libgcc.prologue
                0x00001a72       0x38 c:/program files/atmel/avr tools/avr toolchain/bin/../lib/gcc/avr/4.7.2/avr5\libgcc.a(_prologue.o)
                0x00001a72                __prologue_saves__
 .text.libgcc.builtins
                0x00001aaa        0x0 c:/program files/atmel/avr tools/avr toolchain/bin/../lib/gcc/avr/4.7.2/avr5\libgcc.a(_prologue.o)
 .text.libgcc.fmul
                0x00001aaa        0x0 c:/program files/atmel/avr tools/avr toolchain/bin/../lib/gcc/avr/4.7.2/avr5\libgcc.a(_prologue.o)
 .text.libgcc.mul
                0x00001aaa        0x0 c:/program files/atmel/avr tools/avr toolchain/bin/../lib/gcc/avr/4.7.2/avr5\libgcc.a(_epilogue.o)
 .text.libgcc.div
                0x00001aaa        0x0 c:/program files/atmel/avr tools/avr toolchain/bin/../lib/gcc/avr/4.7.2/avr5\libgcc.a(_epilogue.o)
 .text.libgcc   0x00001aaa        0x0 c:/program files/atmel/avr tools/avr toolchain/bin/../lib/gcc/avr/4.7.2/avr5\libgcc.a(_epilogue.o)
 .text.libgcc.prologue
                0x00001aaa       0x36 c:/program files/atmel/avr tools/avr toolchain/bin/../lib/gcc/avr/4.7.2/avr5\libgcc.a(_epilogue.o)
                0x00001aaa                __epilogue_restores__
 .text.libgcc.builtins
                0x00001ae0        0x0 c:/program files/atmel/avr tools/avr toolchain/bin/../lib/gcc/avr/4.7.2/avr5\libgcc.a(_epilogue.o)
 .text.libgcc.fmul
                0x00001ae0        0x0 c:/program files/atmel/avr tools/avr toolchain/bin/../lib/gcc/avr/4.7.2/avr5\libgcc.a(_epilogue.o)
                0x00001ae0                . = ALIGN (0x2)
 *(.fini9)
 .fini9         0x00001ae0        0x0 c:/program files/atmel/avr tools/avr toolchain/bin/../lib/gcc/avr/4.7.2/avr5\libgcc.a(_exit.o)
                0x00001ae0                _exit
                0x00001ae0                exit
 *(.fini9)
 *(.fini8)
 *(.fini8)
 *(.fini7)
 *(.fini7)
 *(.fini6)
 *(.fini6)
 *(.fini5)
 *(.fini5)
 *(.fini4)
 *(.fini4)
 *(.fini3)
 *(.fini3)
 *(.fini2)
 *(.fini2)
 *(.fini1)
 *(.fini1)
 *(.fini0)
 .fini0         0x00001ae0        0x4 c:/program files/atmel/avr tools/avr toolchain/bin/../lib/gcc/avr/4.7.2/avr5\libgcc.a(_exit.o)
 *(.fini0)
                0x00001ae4                _etext = .

.data           0x00800100      0x124 load address 0x00001ae4
                0x00800100                PROVIDE (__data_start, .)
 *(.data)
 .data          0x00800100        0x0 c:/program files/atmel/avr tools/avr toolchain/bin/../lib/gcc/avr/4.7.2/../../../../avr/lib/avr5/crtm328p.o
 .data          0x00800100        0xf LCD_T.o
                0x00800100                tx_delay
                0x00800101                uart_stream
 .data          0x0080010f        0x0 bcd.o
 .data          0x0080010f        0x0 lcd_lib_2.o
 .data          0x0080010f        0x0 OWIcrc.o
 .data          0x0080010f        0x0 OWIHighLevelFunctions.o
 .data          0x0080010f        0x0 OWISWBitFunctions.o
 .data          0x0080010f        0x0 OWIUARTBitFunctions.o
 .data          0x0080010f       0x1d radio.o
                0x0080010f                my_addr
                0x00800114                station_addr
 .data          0x0080012c        0x0 spi.o
 .data          0x0080012c        0x0 Temper.o
 .data          0x0080012c        0x0 c:/program files/atmel/avr tools/avr toolchain/bin/../lib/gcc/avr/4.7.2/avr5\libgcc.a(_udivmodqi4.o)
 .data          0x0080012c        0x0 c:/program files/atmel/avr tools/avr toolchain/bin/../lib/gcc/avr/4.7.2/avr5\libgcc.a(_udivmodhi4.o)
 .data          0x0080012c        0x0 c:/program files/atmel/avr tools/avr toolchain/bin/../lib/gcc/avr/4.7.2/avr5\libgcc.a(_exit.o)
 .data          0x0080012c        0x0 c:/program files/atmel/avr tools/avr toolchain/bin/../lib/gcc/avr/4.7.2/avr5\libgcc.a(_copy_data.o)
 .data          0x0080012c        0x0 c:/program files/atmel/avr tools/avr toolchain/bin/../lib/gcc/avr/4.7.2/avr5\libgcc.a(_clear_bss.o)
 .data          0x0080012c        0x0 c:/program files/atmel/avr tools/avr toolchain/bin/../lib/gcc/avr/4.7.2/../../../../avr/lib/avr5\libc.a(strcpy.o)
 .data          0x0080012c        0x0 c:/program files/atmel/avr tools/avr toolchain/bin/../lib/gcc/avr/4.7.2/../../../../avr/lib/avr5\libc.a(fgetc.o)
 .data          0x0080012c        0x0 c:/program files/atmel/avr tools/avr toolchain/bin/../lib/gcc/avr/4.7.2/../../../../avr/lib/avr5\libc.a(fputc.o)
 .data          0x0080012c        0x0 c:/program files/atmel/avr tools/avr toolchain/bin/../lib/gcc/avr/4.7.2/../../../../avr/lib/avr5\libc.a(iob.o)
 .data          0x0080012c        0x0 c:/program files/atmel/avr tools/avr toolchain/bin/../lib/gcc/avr/4.7.2/../../../../avr/lib/avr5\libc.a(printf.o)
 .data          0x0080012c        0x0 c:/program files/atmel/avr tools/avr toolchain/bin/../lib/gcc/avr/4.7.2/../../../../avr/lib/avr5\libc.a(puts.o)
 .data          0x0080012c        0x0 c:/program files/atmel/avr tools/avr toolchain/bin/../lib/gcc/avr/4.7.2/../../../../avr/lib/avr5\libc.a(snprintf.o)
 .data          0x0080012c        0x0 c:/program files/atmel/avr tools/avr toolchain/bin/../lib/gcc/avr/4.7.2/../../../../avr/lib/avr5\libc.a(vfprintf_std.o)
 .data          0x0080012c        0x0 c:/program files/atmel/avr tools/avr toolchain/bin/../lib/gcc/avr/4.7.2/../../../../avr/lib/avr5\libc.a(strnlen_P.o)
 .data          0x0080012c        0x0 c:/program files/atmel/avr tools/avr toolchain/bin/../lib/gcc/avr/4.7.2/../../../../avr/lib/avr5\libc.a(strnlen.o)
 .data          0x0080012c        0x0 c:/program files/atmel/avr tools/avr toolchain/bin/../lib/gcc/avr/4.7.2/../../../../avr/lib/avr5\libc.a(ultoa_invert.o)
 .data          0x0080012c        0x0 c:/program files/atmel/avr tools/avr toolchain/bin/../lib/gcc/avr/4.7.2/avr5\libgcc.a(_prologue.o)
 .data          0x0080012c        0x0 c:/program files/atmel/avr tools/avr toolchain/bin/../lib/gcc/avr/4.7.2/avr5\libgcc.a(_epilogue.o)
 *(.data*)
 *(.rodata)
 *(.rodata*)
 .rodata.str1.1
                0x0080012c       0x2c LCD_T.o
 .rodata.str1.1
                0x00800158       0x2d radio.o
 .rodata.str1.1
                0x00800185       0x9f Temper.o
 *(.gnu.linkonce.d*)
                0x00800224                . = ALIGN (0x2)
                0x00800224                _edata = .
                0x00800224                PROVIDE (__data_end, .)

.bss            0x00800224      0x215
                0x00800224                PROVIDE (__bss_start, .)
 *(.bss)
 .bss           0x00800224        0x0 c:/program files/atmel/avr tools/avr toolchain/bin/../lib/gcc/avr/4.7.2/../../../../avr/lib/avr5/crtm328p.o
 .bss           0x00800224        0x5 LCD_T.o
                0x00800224                timer0_char_1000_ms
                0x00800225                timer0_char_100_ms
                0x00800226                timer0_char_10_ms
                0x00800227                timer0_int_1_s
 .bss           0x00800229        0x0 bcd.o
 .bss           0x00800229        0x0 lcd_lib_2.o
 .bss           0x00800229        0x0 OWIcrc.o
 .bss           0x00800229        0x0 OWIHighLevelFunctions.o
 .bss           0x00800229        0x0 OWISWBitFunctions.o
 .bss           0x00800229        0x0 OWIUARTBitFunctions.o
 .bss           0x00800229        0x2 radio.o
                0x00800229                rxflag
 .bss           0x0080022b        0x0 spi.o
 .bss           0x0080022b        0x1 Temper.o
                0x0080022b                num_device
 .bss           0x0080022c        0x0 c:/program files/atmel/avr tools/avr toolchain/bin/../lib/gcc/avr/4.7.2/avr5\libgcc.a(_udivmodqi4.o)
 .bss           0x0080022c        0x0 c:/program files/atmel/avr tools/avr toolchain/bin/../lib/gcc/avr/4.7.2/avr5\libgcc.a(_udivmodhi4.o)
 .bss           0x0080022c        0x0 c:/program files/atmel/avr tools/avr toolchain/bin/../lib/gcc/avr/4.7.2/avr5\libgcc.a(_exit.o)
 .bss           0x0080022c        0x0 c:/program files/atmel/avr tools/avr toolchain/bin/../lib/gcc/avr/4.7.2/avr5\libgcc.a(_copy_data.o)
 .bss           0x0080022c        0x0 c:/program files/atmel/avr tools/avr toolchain/bin/../lib/gcc/avr/4.7.2/avr5\libgcc.a(_clear_bss.o)
 .bss           0x0080022c        0x0 c:/program files/atmel/avr tools/avr toolchain/bin/../lib/gcc/avr/4.7.2/../../../../avr/lib/avr5\libc.a(strcpy.o)
 .bss           0x0080022c        0x0 c:/program files/atmel/avr tools/avr toolchain/bin/../lib/gcc/avr/4.7.2/../../../../avr/lib/avr5\libc.a(fgetc.o)
 .bss           0x0080022c        0x0 c:/program files/atmel/avr tools/avr toolchain/bin/../lib/gcc/avr/4.7.2/../../../../avr/lib/avr5\libc.a(fputc.o)
 .bss           0x0080022c        0x0 c:/program files/atmel/avr tools/avr toolchain/bin/../lib/gcc/avr/4.7.2/../../../../avr/lib/avr5\libc.a(iob.o)
 .bss           0x0080022c        0x0 c:/program files/atmel/avr tools/avr toolchain/bin/../lib/gcc/avr/4.7.2/../../../../avr/lib/avr5\libc.a(printf.o)
 .bss           0x0080022c        0x0 c:/program files/atmel/avr tools/avr toolchain/bin/../lib/gcc/avr/4.7.2/../../../../avr/lib/avr5\libc.a(puts.o)
 .bss           0x0080022c        0x0 c:/program files/atmel/avr tools/avr toolchain/bin/../lib/gcc/avr/4.7.2/../../../../avr/lib/avr5\libc.a(snprintf.o)
 .bss           0x0080022c        0x0 c:/program files/atmel/avr tools/avr toolchain/bin/../lib/gcc/avr/4.7.2/../../../../avr/lib/avr5\libc.a(vfprintf_std.o)
 .bss           0x0080022c        0x0 c:/program files/atmel/avr tools/avr toolchain/bin/../lib/gcc/avr/4.7.2/../../../../avr/lib/avr5\libc.a(strnlen_P.o)
 .bss           0x0080022c        0x0 c:/program files/atmel/avr tools/avr toolchain/bin/../lib/gcc/avr/4.7.2/../../../../avr/lib/avr5\libc.a(strnlen.o)
 .bss           0x0080022c        0x0 c:/program files/atmel/avr tools/avr toolchain/bin/../lib/gcc/avr/4.7.2/../../../../avr/lib/avr5\libc.a(ultoa_invert.o)
 .bss           0x0080022c        0x0 c:/program files/atmel/avr tools/avr toolchain/bin/../lib/gcc/avr/4.7.2/avr5\libgcc.a(_prologue.o)
 .bss           0x0080022c        0x0 c:/program files/atmel/avr tools/avr toolchain/bin/../lib/gcc/avr/4.7.2/avr5\libgcc.a(_epilogue.o)
 *(.bss*)
 *(COMMON)
 COMMON         0x0080022c      0x155 LCD_T.o
                0x0080022c                uart_rx_fifo
                0x0080026e                uart_tx_fifo
                0x00800370                message_unit
 COMMON         0x00800381       0xa1 radio.o
                0x00800381                rx_status
                0x00800382                packet
                0x008003a2                output
 COMMON         0x00800422       0x11 Temper.o
                0x00800422                scratchpad
                0x0080042b                allDevices
 COMMON         0x00800433        0x6 c:/program files/atmel/avr tools/avr toolchain/bin/../lib/gcc/avr/4.7.2/../../../../avr/lib/avr5\libc.a(iob.o)
                0x00800433                __iob
                0x00800439                PROVIDE (__bss_end, .)
                0x00001ae4                __data_load_start = LOADADDR (.data)
                0x00001c08                __data_load_end = (__data_load_start + SIZEOF (.data))

.noinit         0x00800439        0x0
                0x00800439                PROVIDE (__noinit_start, .)
 *(.noinit*)
                0x00800439                PROVIDE (__noinit_end, .)
                0x00800439                _end = .
                0x00800439                PROVIDE (__heap_start, .)

.eeprom         0x00810000        0x0
 *(.eeprom*)
                0x00810000                __eeprom_end = .

.fuse
 *(.fuse)
 *(.lfuse)
 *(.hfuse)
 *(.efuse)

.lock
 *(.lock*)

.signature
 *(.signature*)

.user_signatures
 *(.user_signatures*)

.stab           0x00000000      0xcf0
 *(.stab)
 .stab          0x00000000      0x6cc c:/program files/atmel/avr tools/avr toolchain/bin/../lib/gcc/avr/4.7.2/../../../../avr/lib/avr5/crtm328p.o
 .stab          0x000006cc       0x6c c:/program files/atmel/avr tools/avr toolchain/bin/../lib/gcc/avr/4.7.2/../../../../avr/lib/avr5\libc.a(strcpy.o)
                                 0x78 (size before relaxing)
 .stab          0x00000738       0x9c c:/program files/atmel/avr tools/avr toolchain/bin/../lib/gcc/avr/4.7.2/../../../../avr/lib/avr5\libc.a(strnlen_P.o)
                                 0xa8 (size before relaxing)
 .stab          0x000007d4       0x9c c:/program files/atmel/avr tools/avr toolchain/bin/../lib/gcc/avr/4.7.2/../../../../avr/lib/avr5\libc.a(strnlen.o)
                                 0xa8 (size before relaxing)
 .stab          0x00000870      0x480 c:/program files/atmel/avr tools/avr toolchain/bin/../lib/gcc/avr/4.7.2/../../../../avr/lib/avr5\libc.a(ultoa_invert.o)
                                0x48c (size before relaxing)

.stabstr        0x00000000      0x272
 *(.stabstr)
 .stabstr       0x00000000      0x272 c:/program files/atmel/avr tools/avr toolchain/bin/../lib/gcc/avr/4.7.2/../../../../avr/lib/avr5/crtm328p.o

.stab.excl
 *(.stab.excl)

.stab.exclstr
 *(.stab.exclstr)

.stab.index
 *(.stab.index)

.stab.indexstr
 *(.stab.indexstr)

.comment        0x00000000       0x2f
 *(.comment)
 .comment       0x00000000       0x2f LCD_T.o
                                 0x30 (size before relaxing)
 .comment       0x00000000       0x30 bcd.o
 .comment       0x00000000       0x30 lcd_lib_2.o
 .comment       0x00000000       0x30 OWIcrc.o
 .comment       0x00000000       0x30 OWIHighLevelFunctions.o
 .comment       0x00000000       0x30 OWISWBitFunctions.o
 .comment       0x00000000       0x30 OWIUARTBitFunctions.o
 .comment       0x00000000       0x30 radio.o
 .comment       0x00000000       0x30 spi.o
 .comment       0x00000000       0x30 Temper.o
 .comment       0x00000000       0x30 c:/program files/atmel/avr tools/avr toolchain/bin/../lib/gcc/avr/4.7.2/../../../../avr/lib/avr5\libc.a(fgetc.o)
 .comment       0x00000000       0x30 c:/program files/atmel/avr tools/avr toolchain/bin/../lib/gcc/avr/4.7.2/../../../../avr/lib/avr5\libc.a(fputc.o)
 .comment       0x00000000       0x30 c:/program files/atmel/avr tools/avr toolchain/bin/../lib/gcc/avr/4.7.2/../../../../avr/lib/avr5\libc.a(iob.o)
 .comment       0x00000000       0x30 c:/program files/atmel/avr tools/avr toolchain/bin/../lib/gcc/avr/4.7.2/../../../../avr/lib/avr5\libc.a(printf.o)
 .comment       0x00000000       0x30 c:/program files/atmel/avr tools/avr toolchain/bin/../lib/gcc/avr/4.7.2/../../../../avr/lib/avr5\libc.a(puts.o)
 .comment       0x00000000       0x30 c:/program files/atmel/avr tools/avr toolchain/bin/../lib/gcc/avr/4.7.2/../../../../avr/lib/avr5\libc.a(snprintf.o)
 .comment       0x00000000       0x30 c:/program files/atmel/avr tools/avr toolchain/bin/../lib/gcc/avr/4.7.2/../../../../avr/lib/avr5\libc.a(vfprintf_std.o)

.debug
 *(.debug)

.line
 *(.line)

.debug_srcinfo
 *(.debug_srcinfo)

.debug_sfnames
 *(.debug_sfnames)

.debug_aranges  0x00000000      0x218
 *(.debug_aranges)
 .debug_aranges
                0x00000000       0x28 LCD_T.o
 .debug_aranges
                0x00000028       0x20 bcd.o
 .debug_aranges
                0x00000048       0x20 lcd_lib_2.o
 .debug_aranges
                0x00000068       0x20 OWIcrc.o
 .debug_aranges
                0x00000088       0x20 OWIHighLevelFunctions.o
 .debug_aranges
                0x000000a8       0x20 OWISWBitFunctions.o
 .debug_aranges
                0x000000c8       0x18 OWIUARTBitFunctions.o
 .debug_aranges
                0x000000e0       0x20 radio.o
 .debug_aranges
                0x00000100       0x20 spi.o
 .debug_aranges
                0x00000120       0x20 Temper.o
 .debug_aranges
                0x00000140       0x20 c:/program files/atmel/avr tools/avr toolchain/bin/../lib/gcc/avr/4.7.2/../../../../avr/lib/avr5\libc.a(fgetc.o)
 .debug_aranges
                0x00000160       0x20 c:/program files/atmel/avr tools/avr toolchain/bin/../lib/gcc/avr/4.7.2/../../../../avr/lib/avr5\libc.a(fputc.o)
 .debug_aranges
                0x00000180       0x18 c:/program files/atmel/avr tools/avr toolchain/bin/../lib/gcc/avr/4.7.2/../../../../avr/lib/avr5\libc.a(iob.o)
 .debug_aranges
                0x00000198       0x20 c:/program files/atmel/avr tools/avr toolchain/bin/../lib/gcc/avr/4.7.2/../../../../avr/lib/avr5\libc.a(printf.o)
 .debug_aranges
                0x000001b8       0x20 c:/program files/atmel/avr tools/avr toolchain/bin/../lib/gcc/avr/4.7.2/../../../../avr/lib/avr5\libc.a(puts.o)
 .debug_aranges
                0x000001d8       0x20 c:/program files/atmel/avr tools/avr toolchain/bin/../lib/gcc/avr/4.7.2/../../../../avr/lib/avr5\libc.a(snprintf.o)
 .debug_aranges
                0x000001f8       0x20 c:/program files/atmel/avr tools/avr toolchain/bin/../lib/gcc/avr/4.7.2/../../../../avr/lib/avr5\libc.a(vfprintf_std.o)

.debug_pubnames
 *(.debug_pubnames)

.debug_info     0x00000000     0x449c
 *(.debug_info)
 .debug_info    0x00000000      0xb0f LCD_T.o
 .debug_info    0x00000b0f      0x12c bcd.o
 .debug_info    0x00000c3b      0x1a3 lcd_lib_2.o
 .debug_info    0x00000dde      0x1bc OWIcrc.o
 .debug_info    0x00000f9a      0x57d OWIHighLevelFunctions.o
 .debug_info    0x00001517      0x47f OWISWBitFunctions.o
 .debug_info    0x00001996       0x56 OWIUARTBitFunctions.o
 .debug_info    0x000019ec     0x1553 radio.o
 .debug_info    0x00002f3f      0x152 spi.o
 .debug_info    0x00003091      0x4d8 Temper.o
 .debug_info    0x00003569      0x169 c:/program files/atmel/avr tools/avr toolchain/bin/../lib/gcc/avr/4.7.2/../../../../avr/lib/avr5\libc.a(fgetc.o)
 .debug_info    0x000036d2      0x174 c:/program files/atmel/avr tools/avr toolchain/bin/../lib/gcc/avr/4.7.2/../../../../avr/lib/avr5\libc.a(fputc.o)
 .debug_info    0x00003846      0x14e c:/program files/atmel/avr tools/avr toolchain/bin/../lib/gcc/avr/4.7.2/../../../../avr/lib/avr5\libc.a(iob.o)
 .debug_info    0x00003994      0x1fa c:/program files/atmel/avr tools/avr toolchain/bin/../lib/gcc/avr/4.7.2/../../../../avr/lib/avr5\libc.a(printf.o)
 .debug_info    0x00003b8e      0x1a9 c:/program files/atmel/avr tools/avr toolchain/bin/../lib/gcc/avr/4.7.2/../../../../avr/lib/avr5\libc.a(puts.o)
 .debug_info    0x00003d37      0x21c c:/program files/atmel/avr tools/avr toolchain/bin/../lib/gcc/avr/4.7.2/../../../../avr/lib/avr5\libc.a(snprintf.o)
 .debug_info    0x00003f53      0x549 c:/program files/atmel/avr tools/avr toolchain/bin/../lib/gcc/avr/4.7.2/../../../../avr/lib/avr5\libc.a(vfprintf_std.o)
 *(.gnu.linkonce.wi.*)

.debug_abbrev   0x00000000     0x18c7
 *(.debug_abbrev)
 .debug_abbrev  0x00000000      0x3d9 LCD_T.o
 .debug_abbrev  0x000003d9       0x6b bcd.o
 .debug_abbrev  0x00000444       0x97 lcd_lib_2.o
 .debug_abbrev  0x000004db       0xbd OWIcrc.o
 .debug_abbrev  0x00000598      0x1fc OWIHighLevelFunctions.o
 .debug_abbrev  0x00000794      0x14b OWISWBitFunctions.o
 .debug_abbrev  0x000008df       0x26 OWIUARTBitFunctions.o
 .debug_abbrev  0x00000905      0x53b radio.o
 .debug_abbrev  0x00000e40       0xc6 spi.o
 .debug_abbrev  0x00000f06      0x1c2 Temper.o
 .debug_abbrev  0x000010c8       0xdc c:/program files/atmel/avr tools/avr toolchain/bin/../lib/gcc/avr/4.7.2/../../../../avr/lib/avr5\libc.a(fgetc.o)
 .debug_abbrev  0x000011a4       0xf1 c:/program files/atmel/avr tools/avr toolchain/bin/../lib/gcc/avr/4.7.2/../../../../avr/lib/avr5\libc.a(fputc.o)
 .debug_abbrev  0x00001295       0xc1 c:/program files/atmel/avr tools/avr toolchain/bin/../lib/gcc/avr/4.7.2/../../../../avr/lib/avr5\libc.a(iob.o)
 .debug_abbrev  0x00001356      0x149 c:/program files/atmel/avr tools/avr toolchain/bin/../lib/gcc/avr/4.7.2/../../../../avr/lib/avr5\libc.a(printf.o)
 .debug_abbrev  0x0000149f      0x119 c:/program files/atmel/avr tools/avr toolchain/bin/../lib/gcc/avr/4.7.2/../../../../avr/lib/avr5\libc.a(puts.o)
 .debug_abbrev  0x000015b8      0x139 c:/program files/atmel/avr tools/avr toolchain/bin/../lib/gcc/avr/4.7.2/../../../../avr/lib/avr5\libc.a(snprintf.o)
 .debug_abbrev  0x000016f1      0x1d6 c:/program files/atmel/avr tools/avr toolchain/bin/../lib/gcc/avr/4.7.2/../../../../avr/lib/avr5\libc.a(vfprintf_std.o)

.debug_line     0x00000000     0x16f8
 *(.debug_line)
 .debug_line    0x00000000      0x242 LCD_T.o
 .debug_line    0x00000242       0x3f bcd.o
 .debug_line    0x00000281       0xba lcd_lib_2.o
 .debug_line    0x0000033b       0x7c OWIcrc.o
 .debug_line    0x000003b7      0x176 OWIHighLevelFunctions.o
 .debug_line    0x0000052d      0x1bb OWISWBitFunctions.o
 .debug_line    0x000006e8       0x1a OWIUARTBitFunctions.o
 .debug_line    0x00000702      0x332 radio.o
 .debug_line    0x00000a34       0xcd spi.o
 .debug_line    0x00000b01      0x155 Temper.o
 .debug_line    0x00000c56      0x118 c:/program files/atmel/avr tools/avr toolchain/bin/../lib/gcc/avr/4.7.2/../../../../avr/lib/avr5\libc.a(fgetc.o)
 .debug_line    0x00000d6e      0x104 c:/program files/atmel/avr tools/avr toolchain/bin/../lib/gcc/avr/4.7.2/../../../../avr/lib/avr5\libc.a(fputc.o)
 .debug_line    0x00000e72       0xeb c:/program files/atmel/avr tools/avr toolchain/bin/../lib/gcc/avr/4.7.2/../../../../avr/lib/avr5\libc.a(iob.o)
 .debug_line    0x00000f5d      0x18e c:/program files/atmel/avr tools/avr toolchain/bin/../lib/gcc/avr/4.7.2/../../../../avr/lib/avr5\libc.a(printf.o)
 .debug_line    0x000010eb      0x110 c:/program files/atmel/avr tools/avr toolchain/bin/../lib/gcc/avr/4.7.2/../../../../avr/lib/avr5\libc.a(puts.o)
 .debug_line    0x000011fb      0x1a4 c:/program files/atmel/avr tools/avr toolchain/bin/../lib/gcc/avr/4.7.2/../../../../avr/lib/avr5\libc.a(snprintf.o)
 .debug_line    0x0000139f      0x359 c:/program files/atmel/avr tools/avr toolchain/bin/../lib/gcc/avr/4.7.2/../../../../avr/lib/avr5\libc.a(vfprintf_std.o)

.debug_frame    0x00000000      0xad8
 *(.debug_frame)
 .debug_frame   0x00000000      0x204 LCD_T.o
 .debug_frame   0x00000204       0x64 bcd.o
 .debug_frame   0x00000268       0x84 lcd_lib_2.o
 .debug_frame   0x000002ec       0x94 OWIcrc.o
 .debug_frame   0x00000380      0x154 OWIHighLevelFunctions.o
 .debug_frame   0x000004d4       0x64 OWISWBitFunctions.o
 .debug_frame   0x00000538      0x308 radio.o
 .debug_frame   0x00000840       0x54 spi.o
 .debug_frame   0x00000894       0xfc Temper.o
 .debug_frame   0x00000990       0x30 c:/program files/atmel/avr tools/avr toolchain/bin/../lib/gcc/avr/4.7.2/../../../../avr/lib/avr5\libc.a(fgetc.o)
 .debug_frame   0x000009c0       0x38 c:/program files/atmel/avr tools/avr toolchain/bin/../lib/gcc/avr/4.7.2/../../../../avr/lib/avr5\libc.a(fputc.o)
 .debug_frame   0x000009f8       0x2c c:/program files/atmel/avr tools/avr toolchain/bin/../lib/gcc/avr/4.7.2/../../../../avr/lib/avr5\libc.a(printf.o)
 .debug_frame   0x00000a24       0x38 c:/program files/atmel/avr tools/avr toolchain/bin/../lib/gcc/avr/4.7.2/../../../../avr/lib/avr5\libc.a(puts.o)
 .debug_frame   0x00000a5c       0x30 c:/program files/atmel/avr tools/avr toolchain/bin/../lib/gcc/avr/4.7.2/../../../../avr/lib/avr5\libc.a(snprintf.o)
 .debug_frame   0x00000a8c       0x4c c:/program files/atmel/avr tools/avr toolchain/bin/../lib/gcc/avr/4.7.2/../../../../avr/lib/avr5\libc.a(vfprintf_std.o)

.debug_str      0x00000000     0x1032
 *(.debug_str)
 .debug_str     0x00000000      0x470 LCD_T.o
                                0x4c6 (size before relaxing)
 .debug_str     0x00000470       0x3c bcd.o
                                 0xf8 (size before relaxing)
 .debug_str     0x000004ac       0x6e lcd_lib_2.o
                                0x136 (size before relaxing)
 .debug_str     0x0000051a       0x82 OWIcrc.o
                                0x13d (size before relaxing)
 .debug_str     0x0000059c      0x15f OWIHighLevelFunctions.o
                                0x246 (size before relaxing)
 .debug_str     0x000006fb       0x4e OWISWBitFunctions.o
                                0x194 (size before relaxing)
 .debug_str     0x00000749       0x19 OWIUARTBitFunctions.o
                                 0xcf (size before relaxing)
 .debug_str     0x00000762      0x55d radio.o
                                0x733 (size before relaxing)
 .debug_str     0x00000cbf        0x9 spi.o
                                0x119 (size before relaxing)
 .debug_str     0x00000cc8       0x3e Temper.o
                                0x1ce (size before relaxing)
 .debug_str     0x00000d06       0x62 c:/program files/atmel/avr tools/avr toolchain/bin/../lib/gcc/avr/4.7.2/../../../../avr/lib/avr5\libc.a(fgetc.o)
                                0x10d (size before relaxing)
 .debug_str     0x00000d68       0x62 c:/program files/atmel/avr tools/avr toolchain/bin/../lib/gcc/avr/4.7.2/../../../../avr/lib/avr5\libc.a(fputc.o)
                                0x10d (size before relaxing)
 .debug_str     0x00000dca       0x60 c:/program files/atmel/avr tools/avr toolchain/bin/../lib/gcc/avr/4.7.2/../../../../avr/lib/avr5\libc.a(iob.o)
                                0x10d (size before relaxing)
 .debug_str     0x00000e2a       0x8d c:/program files/atmel/avr tools/avr toolchain/bin/../lib/gcc/avr/4.7.2/../../../../avr/lib/avr5\libc.a(printf.o)
                                0x140 (size before relaxing)
 .debug_str     0x00000eb7       0x61 c:/program files/atmel/avr tools/avr toolchain/bin/../lib/gcc/avr/4.7.2/../../../../avr/lib/avr5\libc.a(puts.o)
                                0x10a (size before relaxing)
 .debug_str     0x00000f18       0x65 c:/program files/atmel/avr tools/avr toolchain/bin/../lib/gcc/avr/4.7.2/../../../../avr/lib/avr5\libc.a(snprintf.o)
                                0x145 (size before relaxing)
 .debug_str     0x00000f7d       0xb5 c:/program files/atmel/avr tools/avr toolchain/bin/../lib/gcc/avr/4.7.2/../../../../avr/lib/avr5\libc.a(vfprintf_std.o)
                                0x1ad (size before relaxing)

.debug_loc      0x00000000     0x2aaf
 *(.debug_loc)
 .debug_loc     0x00000000      0x43e LCD_T.o
 .debug_loc     0x0000043e      0x2ee OWIcrc.o
 .debug_loc     0x0000072c      0x903 OWIHighLevelFunctions.o
 .debug_loc     0x0000102f      0x118 OWISWBitFunctions.o
 .debug_loc     0x00001147      0xd83 radio.o
 .debug_loc     0x00001eca       0x6d spi.o
 .debug_loc     0x00001f37      0x327 Temper.o
 .debug_loc     0x0000225e       0xed c:/program files/atmel/avr tools/avr toolchain/bin/../lib/gcc/avr/4.7.2/../../../../avr/lib/avr5\libc.a(fgetc.o)
 .debug_loc     0x0000234b       0xf3 c:/program files/atmel/avr tools/avr toolchain/bin/../lib/gcc/avr/4.7.2/../../../../avr/lib/avr5\libc.a(fputc.o)
 .debug_loc     0x0000243e       0x21 c:/program files/atmel/avr tools/avr toolchain/bin/../lib/gcc/avr/4.7.2/../../../../avr/lib/avr5\libc.a(printf.o)
 .debug_loc     0x0000245f       0xbf c:/program files/atmel/avr tools/avr toolchain/bin/../lib/gcc/avr/4.7.2/../../../../avr/lib/avr5\libc.a(puts.o)
 .debug_loc     0x0000251e       0x74 c:/program files/atmel/avr tools/avr toolchain/bin/../lib/gcc/avr/4.7.2/../../../../avr/lib/avr5\libc.a(snprintf.o)
 .debug_loc     0x00002592      0x51d c:/program files/atmel/avr tools/avr toolchain/bin/../lib/gcc/avr/4.7.2/../../../../avr/lib/avr5\libc.a(vfprintf_std.o)

.debug_macinfo
 *(.debug_macinfo)

.debug_pubtypes
 *(.debug_pubtypes)

.debug_ranges   0x00000000       0xa8
 *(.debug_ranges)
 .debug_ranges  0x00000000       0x18 LCD_T.o
 .debug_ranges  0x00000018       0x30 Temper.o
 .debug_ranges  0x00000048       0x10 c:/program files/atmel/avr tools/avr toolchain/bin/../lib/gcc/avr/4.7.2/../../../../avr/lib/avr5\libc.a(fgetc.o)
 .debug_ranges  0x00000058       0x10 c:/program files/atmel/avr tools/avr toolchain/bin/../lib/gcc/avr/4.7.2/../../../../avr/lib/avr5\libc.a(fputc.o)
 .debug_ranges  0x00000068       0x10 c:/program files/atmel/avr tools/avr toolchain/bin/../lib/gcc/avr/4.7.2/../../../../avr/lib/avr5\libc.a(printf.o)
 .debug_ranges  0x00000078       0x10 c:/program files/atmel/avr tools/avr toolchain/bin/../lib/gcc/avr/4.7.2/../../../../avr/lib/avr5\libc.a(puts.o)
 .debug_ranges  0x00000088       0x10 c:/program files/atmel/avr tools/avr toolchain/bin/../lib/gcc/avr/4.7.2/../../../../avr/lib/avr5\libc.a(snprintf.o)
 .debug_ranges  0x00000098       0x10 c:/program files/atmel/avr tools/avr toolchain/bin/../lib/gcc/avr/4.7.2/../../../../avr/lib/avr5\libc.a(vfprintf_std.o)

.debug_macro
 *(.debug_macro)
OUTPUT(LCD_T.elf elf32-avr)
LOAD linker stubs
